// Vitest Snapshot v1, https://vitest.dev/guide/snapshot.html

exports[`module registration 1`] = `
[
  "module",
  "root",
  [
    "exports",
    [
      "src#377",
      "std#406",
    ],
  ],
  [
    [
      "module",
      "src",
      [
        "exports",
        [],
      ],
      [
        [
          "use",
          [
            "::",
            "std",
            "all",
          ],
        ],
        [
          "use",
          [
            "::",
            "root",
            "all",
          ],
        ],
        [
          "module",
          "example",
          [
            "exports",
            [],
          ],
          [
            [
              "use",
              [
                "::",
                "std",
                "all",
              ],
            ],
            [
              "use",
              [
                "::",
                "root",
                "all",
              ],
            ],
            [
              "use",
              [
                "::",
                [
                  "::",
                  "std",
                  "macros",
                ],
                "all",
              ],
            ],
            [
              "fn",
              [
                "fib",
                [
                  ":",
                  "n",
                  "i32",
                ],
              ],
              "->",
              "i32",
              [
                "block",
                [
                  "if",
                  [
                    "<=",
                    "n",
                    1,
                  ],
                  [
                    ":",
                    "then",
                    [
                      "block",
                      "n",
                    ],
                  ],
                  [
                    ":",
                    "else",
                    [
                      "block",
                      [
                        "+",
                        [
                          "fib",
                          [
                            "-",
                            "n",
                            1,
                          ],
                        ],
                        [
                          "fib",
                          [
                            "-",
                            "n",
                            2,
                          ],
                        ],
                      ],
                    ],
                  ],
                ],
              ],
            ],
            [
              "fn",
              [
                "main",
              ],
              [
                "block",
                [
                  "let",
                  [
                    "=",
                    "x",
                    [
                      "+",
                      10,
                      [
                        "block",
                        [
                          "+",
                          20,
                          30,
                        ],
                      ],
                    ],
                  ],
                ],
                [
                  "let",
                  [
                    "=",
                    "y",
                    [
                      "if",
                      [
                        ">",
                        "x",
                        10,
                      ],
                      [
                        ":",
                        "then",
                        [
                          "block",
                          10,
                        ],
                      ],
                      [
                        ":",
                        "else",
                        [
                          "block",
                          20,
                        ],
                      ],
                    ],
                  ],
                ],
                [
                  "call",
                  "this",
                  "while",
                  [
                    "=>",
                    [],
                    [
                      "if",
                      [
                        ">",
                        "x",
                        10,
                      ],
                      [
                        ":",
                        "then",
                        [
                          "block",
                          [
                            "-=",
                            "x",
                            1,
                          ],
                        ],
                      ],
                      [
                        ":",
                        "else",
                        [
                          "block",
                          [
                            "+=",
                            "x",
                            1,
                          ],
                        ],
                      ],
                    ],
                  ],
                ],
                [
                  "let",
                  [
                    "=",
                    "n",
                    [
                      "if",
                      [
                        ">",
                        [
                          "len",
                          "args",
                        ],
                        1,
                      ],
                      [
                        ":",
                        "then",
                        [
                          "block",
                          [
                            "log",
                            "console",
                            [
                              "string",
                              "Hey there!",
                            ],
                          ],
                          [
                            "unwrap",
                            [
                              "parseInt",
                              [
                                "at",
                                "args",
                                1,
                              ],
                            ],
                          ],
                        ],
                      ],
                      [
                        ":",
                        "else",
                        [
                          "block",
                          10,
                        ],
                      ],
                    ],
                  ],
                ],
                [
                  "let",
                  [
                    "=",
                    "x2",
                    10,
                  ],
                ],
                [
                  "let",
                  [
                    "=",
                    "z",
                    [
                      "nothing",
                    ],
                  ],
                ],
                [
                  "let",
                  [
                    "=",
                    "test_spacing",
                    [
                      "fib",
                      "n",
                    ],
                  ],
                ],
                [
                  "let",
                  [
                    "=",
                    "result",
                    [
                      "fib",
                      "n",
                    ],
                  ],
                ],
              ],
            ],
          ],
        ],
      ],
    ],
    [
      "module",
      "std",
      [
        "exports",
        [],
      ],
      [
        [
          "use",
          [
            "::",
            "root",
            "all",
          ],
        ],
        [
          "pub",
          [
            "use",
            [
              "::",
              "macros",
              "all",
            ],
          ],
        ],
        [
          "module",
          "deep",
          [
            "exports",
            [],
          ],
          [
            [
              "use",
              [
                "::",
                "root",
                "all",
              ],
            ],
            [
              "pub",
              [
                "use",
                [
                  "::",
                  "hey",
                  "all",
                ],
              ],
            ],
            [
              "pub",
              "fn",
              [
                "deeply",
                [
                  ":",
                  "src",
                  "i32",
                ],
                [
                  ":",
                  "dest",
                  "i32",
                ],
              ],
              "->",
              "i32",
              [
                "block",
              ],
            ],
            [
              "module",
              "nested",
              [
                "exports",
                [],
              ],
              [
                [
                  "pub",
                  [
                    "use",
                    [
                      "::",
                      "hey",
                      "all",
                    ],
                  ],
                ],
                [
                  "pub",
                  "fn",
                  [
                    "nested",
                    [
                      ":",
                      "src",
                      "i32",
                    ],
                    [
                      ":",
                      "dest",
                      "i32",
                    ],
                  ],
                  "->",
                  "i32",
                  [
                    "block",
                  ],
                ],
                [
                  "use",
                  [
                    "::",
                    "root",
                    "all",
                  ],
                ],
                [
                  "module",
                  "hey",
                  [
                    "exports",
                    [],
                  ],
                  [
                    [
                      "use",
                      [
                        "::",
                        "root",
                        "all",
                      ],
                    ],
                    [
                      "use",
                      [
                        "::",
                        [
                          "::",
                          "super",
                          "macros",
                        ],
                        "all",
                      ],
                    ],
                    [
                      "pub",
                      "fn",
                      [
                        "hey",
                        [
                          ":",
                          "src",
                          "i32",
                        ],
                        [
                          ":",
                          "dest",
                          "i32",
                        ],
                      ],
                      "->",
                      "i32",
                      [
                        "block",
                      ],
                    ],
                  ],
                ],
              ],
            ],
          ],
        ],
        [
          "module",
          "memory",
          [
            "exports",
            [],
          ],
          [
            [
              "use",
              [
                "::",
                "root",
                "all",
              ],
            ],
            [
              "use",
              [
                "::",
                [
                  "::",
                  "super",
                  "macros",
                ],
                "all",
              ],
            ],
            [
              "global",
              "let",
              [
                "=",
                "header-size",
                8,
              ],
            ],
            [
              "global",
              "let",
              [
                "=",
                "size-index",
                0,
              ],
            ],
            [
              "global",
              "let",
              [
                "=",
                "type-index",
                4,
              ],
            ],
            [
              "global",
              "var",
              [
                "=",
                "stack-pointer",
                0,
              ],
            ],
            [
              "pub",
              "fn",
              [
                "copy",
                [
                  ":",
                  "src",
                  "i32",
                ],
                [
                  ":",
                  "dest",
                  "i32",
                ],
              ],
              "->",
              "i32",
              [
                "block",
                [
                  "bnr",
                  [
                    "memory",
                    "copy",
                    "voyd",
                  ],
                  [
                    "dest",
                    "src",
                    [
                      "size",
                      "src",
                    ],
                  ],
                ],
                "dest",
              ],
            ],
          ],
        ],
      ],
    ],
  ],
]
`;
