// Vitest Snapshot v1, https://vitest.dev/guide/snapshot.html

exports[`regular macro expansion 1`] = `
[
  "module",
  "root",
  [
    "exports",
    [
      "std#897",
    ],
  ],
  [
    [
      "module",
      "std",
      [
        "exports",
        [],
      ],
      [
        [
          "use",
          [
            "::",
            "root",
            "all",
          ],
        ],
      ],
    ],
    [
      "module",
      "test",
      [
        "exports",
        [],
      ],
      [
        [
          "use",
          [
            "::",
            "root",
            "all",
          ],
        ],
        [
          "regular-macro",
          "\`#926",
          [
            "parameters",
          ],
          [
            "block",
            [
              "block",
              [
                "quote",
                "quote",
                [
                  "$@",
                  "body",
                ],
              ],
            ],
          ],
        ],
        [
          "regular-macro",
          "let#973",
          [
            "parameters",
          ],
          [
            "block",
            [
              "block",
              [
                "define",
                "equals_expr",
                [
                  "extract",
                  "body",
                  0,
                ],
              ],
              [
                "quote",
                "define",
                [
                  "$",
                  [
                    "extract",
                    "equals_expr",
                    1,
                  ],
                ],
                [
                  "$",
                  [
                    "extract",
                    "equals_expr",
                    2,
                  ],
                ],
              ],
            ],
          ],
        ],
        [
          "define-macro-variable",
          "extract_parameters",
          [
            "reserved-for-type",
          ],
          [
            "is-mutable",
            false,
          ],
        ],
        [
          "regular-macro",
          "fn#1766",
          [
            "parameters",
          ],
          [
            "block",
            [
              "block",
              [
                "define",
                "first",
                [
                  "extract",
                  "body",
                  0,
                ],
              ],
              [
                "define",
                "is_equals",
                [
                  "==",
                  [
                    "extract",
                    "first",
                    0,
                  ],
                  [
                    "string",
                    "=",
                  ],
                ],
              ],
              [
                "define",
                "definitions",
                [
                  "block",
                  [
                    "if",
                    "is_equals",
                    [
                      ":",
                      "then",
                      [
                        "block",
                        [
                          "extract",
                          "first",
                          1,
                        ],
                      ],
                    ],
                    [
                      ":",
                      "else",
                      [
                        "block",
                        "first",
                      ],
                    ],
                  ],
                ],
              ],
              [
                "define",
                "identifier_list",
                [
                  "block",
                  [
                    "if",
                    [
                      "==",
                      [
                        "extract",
                        "definitions",
                        0,
                      ],
                      [
                        "string",
                        ":",
                      ],
                    ],
                    [
                      ":",
                      "then",
                      [
                        "block",
                        [
                          "extract",
                          "definitions",
                          1,
                        ],
                      ],
                    ],
                    [
                      ":",
                      "else",
                      [
                        "block",
                        [
                          "if",
                          [
                            "==",
                            [
                              "extract",
                              "definitions",
                              0,
                            ],
                            [
                              "string",
                              "->",
                            ],
                          ],
                          [
                            ":",
                            "then",
                            [
                              "block",
                              [
                                "extract",
                                "definitions",
                                1,
                              ],
                            ],
                          ],
                          [
                            ":",
                            "else",
                            [
                              "block",
                              "definitions",
                            ],
                          ],
                        ],
                      ],
                    ],
                  ],
                ],
              ],
              [
                "define",
                "return_type",
                [
                  "block",
                  [
                    "if",
                    [
                      "==",
                      [
                        "extract",
                        "definitions",
                        0,
                      ],
                      [
                        "string",
                        ":",
                      ],
                    ],
                    [
                      ":",
                      "then",
                      [
                        "block",
                        [
                          "slice",
                          "definitions",
                          2,
                          3,
                        ],
                      ],
                    ],
                    [
                      ":",
                      "else",
                      [
                        "block",
                        [
                          "if",
                          [
                            "==",
                            [
                              "extract",
                              "definitions",
                              0,
                            ],
                            [
                              "string",
                              "->",
                            ],
                          ],
                          [
                            ":",
                            "then",
                            [
                              "block",
                              [
                                "slice",
                                "definitions",
                                2,
                                3,
                              ],
                            ],
                          ],
                          [
                            ":",
                            "else",
                            [
                              "quote",
                            ],
                          ],
                        ],
                      ],
                    ],
                  ],
                ],
              ],
              [
                "define",
                "identifier",
                [
                  "extract",
                  "identifier_list",
                  0,
                ],
              ],
              [
                "define",
                "params",
                [
                  "extract_parameters",
                  "identifier_list",
                ],
              ],
              [
                "define",
                "expressions",
                [
                  "block",
                  [
                    "if",
                    "is_equals",
                    [
                      ":",
                      "then",
                      [
                        "block",
                        [
                          "slice",
                          "first",
                          2,
                        ],
                      ],
                    ],
                    [
                      ":",
                      "else",
                      [
                        "block",
                        [
                          "slice",
                          "body",
                          1,
                        ],
                      ],
                    ],
                  ],
                ],
              ],
              [
                "quote",
                "define_function",
                [
                  "$",
                  "identifier",
                ],
                [
                  "$",
                  "params",
                ],
                [
                  "return_type",
                  [
                    "$@",
                    "return_type",
                  ],
                ],
                [
                  "$",
                  [
                    "concat",
                    [
                      "quote",
                      "block",
                    ],
                    "expressions",
                  ],
                ],
              ],
            ],
          ],
        ],
        [
          "define_function",
          "fib",
          [
            "parameters",
            [
              ":",
              "n",
              "i32",
            ],
          ],
          [
            "return_type",
            "i32",
          ],
          [
            "block",
            [
              "block",
              [
                "define",
                "base",
                1,
              ],
              [
                "if",
                [
                  "<=",
                  "n",
                  "base",
                ],
                [
                  ":",
                  "then",
                  [
                    "block",
                    "n",
                  ],
                ],
                [
                  ":",
                  "else",
                  [
                    "block",
                    [
                      "+",
                      [
                        "fib",
                        [
                          "-",
                          "n",
                          1,
                        ],
                      ],
                      [
                        "fib",
                        [
                          "-",
                          "n",
                          2,
                        ],
                      ],
                    ],
                  ],
                ],
              ],
            ],
          ],
        ],
      ],
    ],
  ],
]
`;
