// Vitest Snapshot v1, https://vitest.dev/guide/snapshot.html

exports[`should parse the example file into a raw ast 1`] = `
[
  "ast",
  [
    "
",
    "fn",
    " ",
    "fib",
    [
      "paren",
      [
        "n",
        ":",
        " ",
        "i32",
      ],
    ],
    " ",
    "->",
    " ",
    "i32",
    "
",
    "  ",
    "if",
    " ",
    "n",
    " ",
    "<=",
    " ",
    "1",
    " ",
    "then",
    ":",
    "
",
    "  ",
    "  ",
    "n",
    "
",
    "  ",
    "else",
    ":",
    "
",
    "  ",
    "  ",
    "fib",
    [
      "paren",
      [
        "n",
        " ",
        "-",
        " ",
        "1",
      ],
    ],
    " ",
    "+",
    " ",
    "fib",
    [
      "paren",
      [
        "n",
        " ",
        "-",
        " ",
        "2",
      ],
    ],
    "
",
    "
",
    "fn",
    " ",
    "main",
    [
      "paren",
      [],
    ],
    "
",
    "  ",
    "let",
    " ",
    "x",
    " ",
    "=",
    " ",
    "10",
    " ",
    "+",
    "
",
    "  ",
    "  ",
    "20",
    " ",
    "+",
    "
",
    "  ",
    "  ",
    "30",
    "
",
    "
",
    "  ",
    "let",
    " ",
    "y",
    " ",
    "=",
    " ",
    "if",
    " ",
    "x",
    " ",
    ">",
    " ",
    "10",
    "
",
    "  ",
    "  ",
    "then",
    ":",
    "
",
    "  ",
    "  ",
    "  ",
    "10",
    "
",
    "  ",
    "  ",
    "else",
    ":",
    "
",
    "  ",
    "  ",
    "  ",
    "20",
    "
",
    "
",
    "  ",
    "call",
    " ",
    "this",
    " ",
    "while",
    " ",
    [
      "paren",
      [],
    ],
    " ",
    "=>",
    " ",
    "if",
    " ",
    "x",
    " ",
    ">",
    " ",
    "10",
    " ",
    "then",
    ":",
    "
",
    "  ",
    "  ",
    "x",
    " ",
    "-=",
    " ",
    "1",
    "
",
    "  ",
    "else",
    ":",
    "
",
    "  ",
    "  ",
    "x",
    " ",
    "+=",
    " ",
    "1",
    "
",
    "
",
    "  ",
    "let",
    " ",
    "n",
    " ",
    "=",
    " ",
    "if",
    " ",
    "args",
    ".",
    "len",
    [
      "paren",
      [],
    ],
    " ",
    ">",
    " ",
    "1",
    " ",
    "then",
    ":",
    "
",
    "  ",
    "  ",
    "console",
    ".",
    "log",
    [
      "paren",
      [
        [
          "new_string",
          [
            [
              "object_literal",
              [
                [
                  "label",
                  [
                    "from",
                    [
                      "FixedArray",
                      [
                        [
                          "generics",
                          [
                            "i32",
                          ],
                        ],
                        "72",
                        "101",
                        "121",
                        "32",
                        "116",
                        "104",
                        "101",
                        "114",
                        "101",
                        "33",
                      ],
                    ],
                  ],
                ],
              ],
            ],
          ],
        ],
      ],
    ],
    "
",
    "  ",
    "  ",
    "args",
    ".",
    "at",
    [
      "paren",
      [
        "1",
      ],
    ],
    ".",
    "parseInt",
    [
      "paren",
      [],
    ],
    ".",
    "unwrap",
    [
      "paren",
      [],
    ],
    "
",
    "  ",
    "else",
    ":",
    "
",
    "  ",
    "  ",
    "10",
    "
",
    "
",
    "  ",
    "let",
    " ",
    "x2",
    " ",
    "=",
    " ",
    "10",
    "
",
    "  ",
    "let",
    " ",
    "z",
    " ",
    "=",
    " ",
    "nothing",
    [
      "paren",
      [],
    ],
    "
",
    "  ",
    "let",
    " ",
    "test_spacing",
    " ",
    "=",
    " ",
    "fib",
    " ",
    "n",
    "
",
    "  ",
    "let",
    " ",
    "result",
    " ",
    "=",
    " ",
    "fib",
    [
      "paren",
      [
        "n",
      ],
    ],
    "
",
  ],
]
`;
